# Permeation up 4 -> 1 -> 3 #######
# index (0 base),  frame,  time(ps), resident_time_in_the_cylinder
  6016          ,     35,     700.0, 20.0
  6113          ,     50,    1000.0, 20.0
  5985          ,     63,    1260.0, 20.0
  6078          ,     76,    1520.0, 20.0
  6099          ,     77,    1540.0, 20.0
  5985          ,     79,    1580.0, 20.0
  6078          ,     80,    1600.0, 20.0
  6099          ,     86,    1720.0, 20.0
  6102          ,     88,    1760.0, 40.0
  5985          ,    100,    2000.0, 20.0
  5985          ,    105,    2100.0, 60.0
# Permeation up 3 -> 1 -> 4 #######
# index (0 base),  frame,  time(ps), resident_time_in_the_cylinder
  6016          ,     40,     800.0, 20.0
  6102          ,     46,     920.0, 20.0
  6034          ,     48,     960.0, 20.0
  6016          ,     52,    1040.0, 20.0
  5985          ,     55,    1100.0, 20.0
  6078          ,     66,    1320.0, 20.0
  6016          ,     93,    1860.0, 20.0
  6065          ,    102,    2040.0, 20.0

#################################
Assumed voltage (mV)   : 300.0
Simulation time (ns)   : 500.0
Permeation events up   : 100
Permeation events down : 0
Ave current (pA)       : 10.0
Ave conductance (pS)   : 100.1
Minimum resident time up crossing   : 1640.0
###############################
