# Permeation up 4 -> 1 -> 3 #######
# index (0 base),  frame,  time(ps), resident_time_in_the_cylinder
  5961          ,   2308,    4616.0, 4614.0
  5960          ,   2917,    5834.0, 5832.0
  5994          ,   8086,   16172.0, 12052.0
  6065          ,  15224,   30448.0, 21750.0
  6043          ,  15589,   31178.0, 20034.0
  6048          ,  18701,   37402.0, 7380.0
  6023          ,  19044,   38088.0, 7630.0
  5965          ,  19579,   39158.0, 2440.0
  6117          ,  20701,   41402.0, 3402.0
  6091          ,  22689,   45378.0, 7168.0
  6119          ,  28219,   56438.0, 16534.0
  6021          ,  29207,   58414.0, 17008.0
  6113          ,  33158,   66316.0, 13724.0
  5965          ,  36245,   72490.0, 16046.0
  6082          ,  36906,   73812.0, 8454.0
  6046          ,  37273,   74546.0, 2664.0
  6086          ,  38092,   76184.0, 3680.0
  6088          ,  38737,   77474.0, 3672.0
  6025          ,  40032,   80064.0, 5512.0
  6074          ,  40344,   80688.0, 4122.0
  5973          ,  40857,   81714.0, 2220.0
  5961          ,  41804,   83608.0, 3426.0
  6045          ,  46557,   93114.0, 12224.0
  6018          ,  47238,   94476.0, 11104.0
  6056          ,  49405,   98810.0, 9250.0
  6106          ,  50719,  101438.0, 8326.0
  6115          ,  51239,  102478.0, 5306.0
  6055          ,  51858,  103716.0, 3170.0
  5965          ,  52398,  104796.0, 2976.0
  6109          ,  53171,  106342.0, 3462.0
  6093          ,  58552,  117104.0, 13324.0
  6011          ,  63163,  126326.0, 20314.0
  6101          ,  65531,  131062.0, 14346.0
  6111          ,  67118,  134236.0, 8254.0
  6058          ,  67335,  134670.0, 4160.0
  6086          ,  68256,  136512.0, 3934.0
  6099          ,  69875,  139750.0, 5514.0
  6084          ,  71504,  143008.0, 6870.0
  5966          ,  72763,  145526.0, 6250.0
  6104          ,  73483,  146966.0, 7130.0
  5984          ,  75844,  151688.0, 6798.0
  6105          ,  76722,  153444.0, 7434.0
  6061          ,  78268,  156536.0, 7070.0
  6033          ,  78477,  156954.0, 5148.0
  6022          ,  79550,  159100.0, 3014.0
  6018          ,  79848,  159696.0, 3144.0
  6058          ,  85663,  171326.0, 14382.0
  5985          ,  94529,  189058.0, 29958.0
  6050          ,  95985,  191970.0, 21532.0
  6048          ,  96350,  192700.0, 5402.0
  5981          , 104012,  208024.0, 17378.0
  6037          , 107331,  214662.0, 9006.0
  6109          , 108018,  216036.0, 9102.0
  6019          , 108742,  217484.0, 8510.0
  6089          , 111752,  223504.0, 8664.0
  6081          , 113096,  226192.0, 8930.0
  5964          , 113972,  227944.0, 4914.0
  5998          , 120305,  240610.0, 15202.0
  6062          , 125507,  251014.0, 23594.0
  6012          , 126361,  252722.0, 13934.0
  6074          , 128291,  256582.0, 9792.0
  6091          , 128498,  256996.0, 5978.0
  6105          , 133420,  266840.0, 10756.0
  6068          , 133621,  267242.0, 10566.0
  6102          , 134364,  268728.0, 3412.0
  6093          , 138273,  276546.0, 9710.0
  5986          , 144689,  289378.0, 21694.0
  5978          , 146745,  293490.0, 17012.0
  6014          , 147179,  294358.0, 5946.0
  6058          , 148464,  296928.0, 4730.0
  6108          , 149828,  299656.0, 5734.0
  5969          , 150170,  300340.0, 3620.0
  6024          , 150898,  301796.0, 3162.0
  6111          , 151659,  303318.0, 3492.0
  6095          , 151998,  303996.0, 2506.0
  6051          , 155125,  310250.0, 7430.0
  6117          , 160071,  320142.0, 16432.0
  6013          , 166819,  333638.0, 23888.0
  6077          , 167030,  334060.0, 14356.0
  6043          , 167111,  334222.0, 1974.0
  6023          , 168329,  336658.0, 3008.0
  6054          , 168759,  337518.0, 3460.0
  6074          , 168916,  337832.0, 3080.0
  6069          , 174369,  348738.0, 12078.0
  5998          , 176736,  353472.0, 15958.0
  6035          , 181397,  362794.0, 15892.0
  6024          , 190152,  380304.0, 28192.0
  6043          , 191026,  382052.0, 23630.0
  6071          , 192520,  385040.0, 9804.0
  6072          , 194025,  388050.0, 6940.0
  6086          , 195936,  391872.0, 7506.0
  5979          , 198614,  397228.0, 11192.0
  6089          , 199531,  399062.0, 9448.0
  6114          , 201481,  402962.0, 10604.0
  6052          , 202369,  404738.0, 6928.0
  6082          , 202720,  405440.0, 2888.0
  6039          , 212520,  425040.0, 20752.0
  5963          , 212800,  425600.0, 20272.0
  6017          , 214211,  428422.0, 4354.0
  5983          , 215554,  431108.0, 5746.0
  6089          , 215816,  431632.0, 6034.0
  6098          , 218205,  436410.0, 7052.0
  6088          , 218644,  437288.0, 6190.0
  6027          , 218902,  437804.0, 3300.0
  5973          , 219464,  438928.0, 2522.0
  6002          , 223602,  447204.0, 9836.0
  6104          , 224960,  449920.0, 12116.0
  6035          , 225555,  451110.0, 4864.0
  6041          , 226369,  452738.0, 3444.0
  5996          , 227608,  455216.0, 4978.0
  6084          , 232000,  464000.0, 12350.0
  5999          , 232555,  465110.0, 10846.0
  6010          , 233605,  467210.0, 10726.0
  5970          , 233972,  467944.0, 3900.0
  6031          , 235949,  471898.0, 6122.0
  6106          , 236207,  472414.0, 5182.0
  6037          , 236779,  473558.0, 2624.0
  5981          , 238425,  476850.0, 4916.0
  6036          , 240165,  480330.0, 7890.0
  6005          , 241282,  482564.0, 7390.0
  5960          , 245548,  491096.0, 13386.0
  6116          , 246606,  493212.0, 11532.0
  5999          , 250000,  500000.0, 8880.0
  6050          , 250000,  500000.0, 9480.0
# Permeation up 3 -> 1 -> 4 #######
# index (0 base),  frame,  time(ps), resident_time_in_the_cylinder
None

#################################
time step in this xtc  : 2.0 ps
Assumed voltage (mV)   : 300.0
Simulation time (ns)   : 500.0
Permeation events up   : 124
Permeation events down : 0
Ave current (pA)       : 39.73390
Ave conductance (pS)   : 132.44634
Minimum resident time up crossing   : 1974.0
###############################

Safety check
Net permeation events up crossing 4    : 118
Minimum up   crossing resident time    : 366.0
Minimum down crossing resident time    : 362.0
Net permeation events up crossing 3    : 127
Minimum up   crossing resident time    : 150.0
Number of 1_2, SF inside out     event : 1
6002 , frame 218545, resident time (ps) : 2.0,  2.0
Number of 2_1, SF outside in     event : 0
Number of 3_2, upper to membrane event : 1245
Number of 2_3, membrane to upper event : 1245
Number of 4_2, lower to membrane event : 21
Number of 2_4, membrane to lower event : 22
Done
