# Permeation up 4 -> 1 -> 3 #######
# index (0 base),  frame,  time(ps), resident_time_in_the_cylinder
  476           , 348972, 69794.4010400176, 69794.20104001462
  484           , 387037, 77407.40115346014, 42461.80063273013
  394           , 390709, 78141.80116440356, 12113.800180509686
  452           , 447433, 89486.60133345425, 12699.400189235806
  364           , 493928, 98785.60147202015, 21377.200318545103
  269           , 550080, 110016.00163936615, 23980.800357341766
  293           , 575940, 115188.00171643496, 25670.80038252473
  367           , 595167, 119033.40177373588, 13797.600205600262
  421           , 614418, 122883.60183110833, 8562.400127589703
  439           , 622638, 124527.60185560584, 7324.400109142065
  448           , 632244, 126448.80188423395, 4174.400062203407
  464           , 640759, 128151.80190961063, 4957.600073873997
  450           , 656200, 131240.0019556284, 5156.800076842308
  377           , 668169, 133633.8019912988, 5791.200086295605
  350           , 1226757, 245351.40365602076, 115718.00172433257
  337           , 1261687, 252337.40376012027, 120803.8018001169
  262           , 1541632, 308326.4045944214, 73989.00110252202
  372           , 1559031, 311806.20464627445, 66143.20098561049
  271           , 1630827, 326165.4048602432, 30161.800449445844
  266           , 1708497, 341699.40509171784, 31742.20047299564
  376           , 1738414, 347682.80518087745, 23150.200344964862
  304           , 1740291, 348058.20518647134, 2227.4000331908464
  328           , 1764183, 352836.60525767505, 5726.200085327029
  278           , 1780204, 356040.80530542135, 7492.0001116395
  484           , 1807450, 361490.00538662076, 8947.40013332665
  377           , 1858362, 371672.40553835034, 18834.40028065443
  290           , 1906476, 381295.20568174124, 25111.00037418306
  438           , 2011162, 402232.40599372983, 31435.800468429923
  475           , 2032565, 406513.00605751574, 17150.600255563855
  426           , 2059363, 411872.60613738, 11023.80016426742
  443           , 2077813, 415562.6061923653, 10734.000159949064
  312           , 2165997, 433199.4064551741, 24040.800358235836
  270           , 2202829, 440565.806564942, 28666.600427165627
  417           , 2222148, 444429.6066225171, 19187.00028590858
  279           , 2262139, 452427.8067416996, 15765.000234916806
  262           , 2319796, 463959.2069135308, 23281.400346919894
  348           , 2500000, 500000.0074505806, 53457.400796577334
# Permeation up 3 -> 1 -> 4 #######
# index (0 base),  frame,  time(ps), resident_time_in_the_cylinder
None

#################################
time step in this xtc  : 0.20000000298023224 ps
Assumed voltage (mV)   : 150.0
Simulation time (ns)   : 500.0000074505806
Permeation events up   : 37
Permeation events down : 0
Ave current (pA)       : 11.85613
Ave conductance (pS)   : 79.04084
Minimum resident time up crossing   : 2227.4000331908464
###############################

Safety check
Net permeation events up crossing 4    : 36
Minimum up   crossing resident time    : 821.4000122398138
Net permeation events up crossing 3    : 125
Minimum up   crossing resident time    : 312.40000465512276
Number of 1_2, SF inside out     event : 0
Number of 2_1, SF outside in     event : 0
Number of 3_2, upper to membrane event : 29776
Number of 2_3, membrane to upper event : 29776
Number of 4_2, lower to membrane event : 0
Number of 2_4, membrane to lower event : 0
Done
