 Selectivity filter detection:
         703           4           1          63 THR      O
         719           3           1          64 VAL      O
         726           2           1          65 GLY      O
         747           1           1          66 TYR      O
        2193           4           2          63 THR      O
        2209           3           2          64 VAL      O
        2216           2           2          65 GLY      O
        2237           1           2          66 TYR      O
        3683           4           3          63 THR      O
        3699           3           3          64 VAL      O
        3706           2           3          65 GLY      O
        3727           1           3          66 TYR      O
        5173           4           4          63 THR      O
        5189           3           4          64 VAL      O
        5196           2           4          65 GLY      O
        5217           1           4          66 TYR      O
         696           5           1          63 THR    OG1
        2186           5           2          63 THR    OG1
        3676           5           3          63 THR    OG1
        5166           5           4          63 THR    OG1
 Nr. of K ions in input:         160
 Nr. of waters in input:       11134
  0.0000000E+00           4           0           3 WKKKKW F F F F
   100.0000               3           0           3 KK0KKW F F F F
   200.0000               3           0           3 WK0KKW F F F F
   300.0000               4           0           3 WKKKKW F F F F
   400.0000               4           0           3 WKKKKW F F F F
   500.0000               4           0           3 WKKKKW F F F F
   600.0000               3           0           2 WK0KKW F F F F
   700.0000               3           0           2 WKK0KW F F F F
   800.0000               3           0           1 WK0KKW F F F F
   900.0000               3           0           2 WK0KKW F F F F
   1000.000               3           0           2 W0KKKW F F F F
 Nr. of K+ permeation up        :           0
 Nr. of K+ permeation down      :           0
 Nr. of water permeation events :           0           0           0
