# Permeation up 4 -> 1 -> 3 #######
# index (0 base),  frame,  time(ps), resident_time_in_the_cylinder
  5961          ,    118,   11800.0, 11700.0
  5960          ,    120,   12000.0, 12000.0
# Permeation up 3 -> 1 -> 4 #######
# index (0 base),  frame,  time(ps), resident_time_in_the_cylinder
None

#################################
Assumed voltage (mV)   : 300.0
Simulation time (ns)   : 12.0
Permeation events up   : 2
Permeation events down : 0
Ave current (pA)       : 26.48445
Ave conductance (pS)   : 88.28149
Minimum resident time up crossing   : 11700.0
###############################

Safety check
Net permeation events up crossing 4    : 2
Minimum up   crossing resident time    : 1100.0
Net permeation events up crossing 3    : 2
Minimum up   crossing resident time    : 400.0
Number of 1_2, SF inside out     event : 0
Number of 2_1, SF outside in     event : 0
Number of 3_2, upper to membrane event : 2
Number of 2_3, membrane to upper event : 2
Number of 4_2, lower to membrane event : 0
Number of 2_4, membrane to lower event : 0
Done
