# Permeation up 4 -> 1 -> 3 #######
# index (0 base),  frame,  time(ps), resident_time_in_the_cylinder
None
# Permeation down 3 -> 1 -> 4 #######
# index (0 base),  frame,  time(ps), resident_time_in_the_cylinder
None

#################################
time step in this xtc  : 100.0 ps
Assumed voltage (mV)   : 300.0
Simulation time (ns)   : 12.0
Permeation events up   : 0
Permeation events down : 0
Ave current (pA)       : 0.00000
Ave conductance (pS)   : 0.00000
###############################

Safety check
Net permeation events up crossing 4    : 0
Net permeation events up crossing 3    : 0
Number of 1_2, SF inside out     event : 0
Number of 2_1, SF outside in     event : 0
Number of 3_2, upper to membrane event : 0
Number of 2_3, membrane to upper event : 0
Number of 4_2, lower to membrane event : 0
Number of 2_4, membrane to lower event : 0
Done
