# Permeation up 4 -> 1 -> 3 #######
# index (0 base),  frame,  time(ps), resident_time_in_the_cylinder
  476           ,  63845, 12769.000190272927, 12768.000190269947
  484           , 119709, 23941.80035676062, 14575.400217190385
  457           , 289389, 57877.80086244643, 45383.40067626536
  353           , 301269, 60253.800897851586, 44863.200668513775
  465           , 381465, 76293.00113685429, 19140.600285217166
  278           , 436612, 87322.40130120516, 29046.20043282211
  475           , 489510, 97902.00145885348, 22709.80033840239
  397           , 493230, 98646.00146993995, 8489.200126498938
  476           , 511570, 102314.0015245974, 5624.8000838160515
  477           , 622299, 124459.80185459554, 26421.40039370954
  349           , 631501, 126300.20188201964, 27153.00040461123
  393           , 681402, 136280.4020307362, 22705.000338330865
  398           , 709960, 141992.00211584568, 17532.40026125312
  430           , 823333, 164666.60245372355, 31535.2004699111
  263           , 840292, 168058.4025042653, 25143.600374668837
  312           , 850974, 170194.80253610015, 7765.800115719438
  415           , 867649, 173529.80258579552, 7564.400112718344
  296           , 889792, 177958.4026517868, 9902.000147551298
  500           , 1031733, 206346.60307480395, 35859.00053434074
  352           , 1192451, 238490.2035537809, 60663.60090395808
  414           , 1197860, 239572.003569901, 42203.200628876686
  428           , 1325937, 265187.4039516002, 38947.200580358505
  325           , 1466208, 293241.60436964035, 47306.80070492625
  261           , 1536551, 307310.2045792788, 43749.80065192282
  392           , 1619509, 323901.80482651293, 35688.00053179264
  485           , 1633290, 326658.0048675835, 29804.40044412017
  322           , 2500000, 500000.0074505806, 191415.8028523177
  346           , 2500000, 500000.0074505806, 174287.60259708762
# Permeation up 3 -> 1 -> 4 #######
# index (0 base),  frame,  time(ps), resident_time_in_the_cylinder
None

#################################
time step in this xtc  : 0.20000000298023224 ps
Assumed voltage (mV)   : 150.0
Simulation time (ns)   : 500.0000074505806
Permeation events up   : 28
Permeation events down : 0
Ave current (pA)       : 8.97220
Ave conductance (pS)   : 59.81469
Minimum resident time up crossing   : 5624.8000838160515
###############################

Safety check
Net permeation events up crossing 4    : 27
Minimum up   crossing resident time    : 892.200013294816
Minimum down crossing resident time    : 1281.400019094348
Net permeation events up crossing 3    : 94
Minimum up   crossing resident time    : 269.2000040113926
Number of 1_2, SF inside out     event : 0
Number of 2_1, SF outside in     event : 0
Number of 3_2, upper to membrane event : 43505
Number of 2_3, membrane to upper event : 43505
Number of 4_2, lower to membrane event : 0
Number of 2_4, membrane to lower event : 0
Done
