# Permeation up 4 -> 1 -> 3 #######
# index (0 base),  frame,  time(ps), resident_time_in_the_cylinder
  5960          ,   1507,    3014.0, 3012.0
  5988          ,   7045,   14090.0, 13430.0
  6011          ,  12792,   25584.0, 23790.0
  6014          ,  16502,   33004.0, 20138.0
  6027          ,  17358,   34716.0, 11824.0
  5973          ,  21320,   42640.0, 14448.0
  5988          ,  23176,   46352.0, 11026.0
  6100          ,  24501,   49002.0, 10338.0
  5982          ,  25742,   51484.0, 8846.0
  5975          ,  31521,   63042.0, 16692.0
  6075          ,  38047,   76094.0, 26978.0
  6014          ,  47964,   95928.0, 43940.0
  6086          ,  53620,  107240.0, 28222.0
  6059          ,  57209,  114418.0, 10010.0
  5991          ,  59150,  118300.0, 12064.0
  6033          ,  59490,  118980.0, 10114.0
  6088          ,  64413,  128826.0, 14010.0
  5973          ,  67278,  134556.0, 11574.0
  6044          ,  72981,  145962.0, 19648.0
  5966          ,  73963,  147926.0, 18778.0
  5993          ,  78052,  156104.0, 21546.0
  6063          ,  81612,  163224.0, 13356.0
  5997          ,  83301,  166602.0, 11294.0
  5963          ,  90027,  180054.0, 18660.0
  6103          ,  90760,  181520.0, 15550.0
  6065          ,  95020,  190040.0, 14570.0
  6073          ,  96619,  193238.0, 13190.0
  6044          ,  98189,  196378.0, 7888.0
  6090          ,  99047,  198094.0, 6882.0
  6037          , 111944,  223888.0, 28484.0
  6104          , 112942,  225884.0, 18302.0
  5995          , 116128,  232256.0, 9494.0
  6012          , 130567,  261134.0, 37252.0
  6075          , 135267,  270534.0, 42832.0
  6060          , 141491,  282982.0, 20620.0
  6056          , 144852,  289704.0, 22448.0
  6116          , 146558,  293116.0, 7800.0
  5981          , 146776,  293552.0, 5992.0
  6088          , 154817,  309634.0, 18332.0
  6106          , 156008,  312016.0, 9832.0
  5985          , 160433,  320866.0, 11992.0
  6028          , 163225,  326450.0, 16824.0
  6009          , 174116,  348232.0, 29082.0
  5983          , 176760,  353520.0, 32666.0
  5988          , 189204,  378408.0, 31440.0
  6066          , 193669,  387338.0, 11196.0
  6018          , 198109,  396218.0, 18506.0
  6080          , 198556,  397112.0, 7738.0
  5960          , 200304,  400608.0, 7910.0
  5971          , 201326,  402652.0, 6434.0
  6117          , 203082,  406164.0, 9054.0
  6019          , 204283,  408566.0, 7964.0
  6050          , 204577,  409154.0, 3764.0
  5986          , 217287,  434574.0, 28372.0
  6007          , 221248,  442496.0, 31996.0
  5961          , 222090,  444180.0, 10910.0
  5990          , 223963,  447926.0, 11276.0
  6078          , 225585,  451170.0, 8292.0
  6049          , 227870,  455740.0, 11562.0
  6115          , 230969,  461938.0, 13288.0
  6072          , 233895,  467790.0, 12802.0
  5980          , 234158,  468316.0, 1924.0
  5984          , 235862,  471724.0, 4300.0
  6025          , 236786,  473572.0, 5742.0
  6059          , 241474,  482948.0, 13478.0
  5977          , 249037,  498074.0, 26356.0
  6080          , 250000,  500000.0, 18246.0
# Permeation up 3 -> 1 -> 4 #######
# index (0 base),  frame,  time(ps), resident_time_in_the_cylinder
None

#################################
time step in this xtc  : 2.0 ps
Assumed voltage (mV)   : 300.0
Simulation time (ns)   : 500.0
Permeation events up   : 67
Permeation events down : 0
Ave current (pA)       : 21.46912
Ave conductance (pS)   : 71.56375
Minimum resident time up crossing   : 1924.0
###############################

Safety check
Net permeation events up crossing 4    : 67
Minimum up   crossing resident time    : 348.0
Minimum down crossing resident time    : 1190.0
Net permeation events up crossing 3    : 153
Minimum up   crossing resident time    : 196.0
Number of 1_2, SF inside out     event : 0
Number of 2_1, SF outside in     event : 0
Number of 3_2, upper to membrane event : 2127
Number of 2_3, membrane to upper event : 2127
Number of 4_2, lower to membrane event : 0
Number of 2_4, membrane to lower event : 0
Done
