# Permeation up 4 -> 1 -> 3 #######
# index (0 base),  frame,  time(ps), resident_time_in_the_cylinder
  5961          ,     83,    1660.0, 1640.0
  5960          ,    302,    6040.0, 6020.0
  5981          ,    554,   11080.0, 10080.0
  5989          ,    690,   13800.0, 8360.0
  6045          ,    719,   14380.0, 7000.0
  6008          ,   1026,   20520.0, 9460.0
  6097          ,   1298,   25960.0, 12180.0
  6068          ,   1482,   29640.0, 14620.0
  6090          ,   2000,   40000.0, 14680.0
  5991          ,   2064,   41280.0, 14920.0
  6030          ,   2372,   47440.0, 9300.0
  6080          ,   2739,   54780.0, 14320.0
  6071          ,   2913,   58260.0, 17000.0
  6100          ,   2934,   58680.0, 11240.0
  6006          ,   2996,   59920.0, 2020.0
  5981          ,   3065,   61300.0, 2920.0
  5986          ,   3432,   68640.0, 9940.0
  5976          ,   3986,   79720.0, 19840.0
  6002          ,   4866,   97320.0, 29900.0
  6029          ,   5067,  101340.0, 32720.0
  6059          ,   5124,  102480.0, 15840.0
  6099          ,   5542,  110840.0, 13520.0
  5966          ,   5587,  111740.0, 10300.0
  6110          ,   5799,  115980.0, 10620.0
  6055          ,   5853,  117060.0, 6220.0
  6062          ,   5903,  118060.0, 6340.0
  6114          ,   6043,  120860.0, 4440.0
  5997          ,   6308,  126160.0, 9120.0
  5987          ,   6364,  127280.0, 8360.0
  6008          ,   6517,  130340.0, 9520.0
  5971          ,   7337,  146740.0, 20600.0
  5996          ,   7367,  147340.0, 19680.0
  6107          ,   7428,  148560.0, 9620.0
  6063          ,   7516,  150320.0, 3600.0
  6031          ,   7894,  157880.0, 10540.0
  6068          ,   8782,  175640.0, 27100.0
  6059          ,   8809,  176180.0, 24280.0
  6103          ,   9130,  182600.0, 24760.0
  5961          ,   9286,  185720.0, 9960.0
  6104          ,   9848,  196960.0, 20740.0
  6018          ,  10058,  201160.0, 18580.0
  5993          ,  10119,  202380.0, 16740.0
  6044          ,  10206,  204120.0, 5400.0
  6097          ,  10343,  206860.0, 5700.0
  6080          ,  10613,  212260.0, 9880.0
  6074          ,  11173,  223460.0, 19340.0
  6006          ,  11236,  224720.0, 17800.0
  6012          ,  11368,  227360.0, 12280.0
  6088          ,  12126,  242520.0, 19060.0
  6046          ,  12459,  249180.0, 24500.0
  6071          ,  12599,  251980.0, 24620.0
  6034          ,  12626,  252520.0, 10020.0
  6105          ,  12730,  254600.0, 5420.0
  5977          ,  12764,  255280.0, 3360.0
  6106          ,  12870,  257400.0, 4840.0
  6094          ,  13459,  269180.0, 14260.0
  6048          ,  13500,  270000.0, 14720.0
  6066          ,  13804,  276080.0, 18680.0
  6052          ,  14370,  287400.0, 18240.0
  5962          ,  14720,  294400.0, 21380.0
  5964          ,  14962,  299240.0, 23160.0
  6018          ,  15203,  304060.0, 16580.0
  5974          ,  15799,  315980.0, 19180.0
  6117          ,  16136,  322720.0, 23480.0
  5993          ,  16261,  325220.0, 18540.0
  6073          ,  16316,  326320.0, 10360.0
  5980          ,  16446,  328920.0, 6280.0
  6104          ,  16519,  330380.0, 5160.0
  6119          ,  16569,  331380.0, 5060.0
  6117          ,  16645,  332900.0, 4000.0
  6110          ,  17001,  340020.0, 9680.0
  5991          ,  17070,  341400.0, 10020.0
  5996          ,  17166,  343320.0, 10440.0
  6017          ,  17330,  346600.0, 6180.0
  5977          ,  17470,  349400.0, 8000.0
  6016          ,  18203,  364060.0, 19460.0
  6034          ,  18899,  377980.0, 30920.0
  6118          ,  19152,  383040.0, 33640.0
  6108          ,  19178,  383560.0, 14680.0
  6048          ,  19219,  384380.0, 6400.0
  6073          ,  19272,  385440.0, 2400.0
  6078          ,  19330,  386600.0, 2940.0
  6068          ,  19519,  390380.0, 6020.0
  6101          ,  20996,  419920.0, 34480.0
  6096          ,  21233,  424660.0, 38060.0
  6098          ,  21901,  438020.0, 46620.0
  6002          ,  22369,  447380.0, 27480.0
  6061          ,  22391,  447820.0, 22660.0
  6060          ,  23135,  462700.0, 24680.0
  6040          ,  23448,  468960.0, 21600.0
  5999          ,  23699,  473980.0, 25180.0
  6034          ,  23770,  475400.0, 12740.0
  5967          ,  23851,  477020.0, 8080.0
  5997          ,  25000,  500000.0, 26040.0
# Permeation up 3 -> 1 -> 4 #######
# index (0 base),  frame,  time(ps), resident_time_in_the_cylinder
None

#################################
Assumed voltage (mV)   : 300.0
Simulation time (ns)   : 500.0
Permeation events up   : 94
Permeation events down : 0
Ave current (pA)       : 30.11972
Ave conductance (pS)   : 100.39905
Minimum resident time up crossing   : 1640.0
###############################

Safety check
Net permeation events up crossing 4    : 90
Minimum up   crossing resident time    : 460.0
Minimum down crossing resident time    : 1380.0
Net permeation events up crossing 3    : 99
Minimum up   crossing resident time    : 100.0
Number of 1_2, SF inside out     event : 0
Number of 2_1, SF outside in     event : 0
Number of 3_2, upper to membrane event : 225
Number of 2_3, membrane to upper event : 225
Number of 4_2, lower to membrane event : 5
Number of 2_4, membrane to lower event : 5
Done
